2026-05-30 15:31:00,093 [INFO] Initializing ML pipeline execution.
2026-05-30 15:31:00,094 [INFO] Loading raw dataset from: C:\Users\mpapa\Desktop\Github Project 1 AI Eng\nlp_text_classification\data\original_data.csv
2026-05-30 15:31:00,100 [INFO] Dataset successfully loaded. Shape: (2000, 9)
2026-05-30 15:31:00,100 [INFO] Starting text vectorization and label mapping via BGE-M3...
2026-05-30 15:31:00,449 [INFO] HTTP Request: HEAD https://huggingface.co/BAAI/bge-m3/resolve/main/modules.json "HTTP/1.1 307 Temporary Redirect"
2026-05-30 15:31:00,502 [INFO] HTTP Request: HEAD https://huggingface.co/api/resolve-cache/models/BAAI/bge-m3/5617a9f61b028005a4858fdac845db406aefb181/modules.json "HTTP/1.1 200 OK"
2026-05-30 15:31:00,660 [INFO] HTTP Request: HEAD https://huggingface.co/BAAI/bge-m3/resolve/main/config_sentence_transformers.json "HTTP/1.1 307 Temporary Redirect"
2026-05-30 15:31:00,661 [WARNING] Warning: You are sending unauthenticated requests to the HF Hub. Please set a HF_TOKEN to enable higher rate limits and faster downloads.
2026-05-30 15:31:00,714 [INFO] HTTP Request: HEAD https://huggingface.co/api/resolve-cache/models/BAAI/bge-m3/5617a9f61b028005a4858fdac845db406aefb181/config_sentence_transformers.json "HTTP/1.1 200 OK"
2026-05-30 15:31:00,715 [INFO] Loading SentenceTransformer model from BAAI/bge-m3.
2026-05-30 15:31:00,870 [INFO] HTTP Request: HEAD https://huggingface.co/BAAI/bge-m3/resolve/main/config_sentence_transformers.json "HTTP/1.1 307 Temporary Redirect"
2026-05-30 15:31:00,922 [INFO] HTTP Request: HEAD https://huggingface.co/api/resolve-cache/models/BAAI/bge-m3/5617a9f61b028005a4858fdac845db406aefb181/config_sentence_transformers.json "HTTP/1.1 200 OK"
2026-05-30 15:31:01,080 [INFO] HTTP Request: HEAD https://huggingface.co/BAAI/bge-m3/resolve/main/README.md "HTTP/1.1 307 Temporary Redirect"
2026-05-30 15:31:01,132 [INFO] HTTP Request: HEAD https://huggingface.co/api/resolve-cache/models/BAAI/bge-m3/5617a9f61b028005a4858fdac845db406aefb181/README.md "HTTP/1.1 200 OK"
2026-05-30 15:31:01,309 [INFO] HTTP Request: HEAD https://huggingface.co/BAAI/bge-m3/resolve/main/modules.json "HTTP/1.1 307 Temporary Redirect"
2026-05-30 15:31:01,362 [INFO] HTTP Request: HEAD https://huggingface.co/api/resolve-cache/models/BAAI/bge-m3/5617a9f61b028005a4858fdac845db406aefb181/modules.json "HTTP/1.1 200 OK"
2026-05-30 15:31:01,525 [INFO] HTTP Request: HEAD https://huggingface.co/BAAI/bge-m3/resolve/main/sentence_bert_config.json "HTTP/1.1 307 Temporary Redirect"
2026-05-30 15:31:01,578 [INFO] HTTP Request: HEAD https://huggingface.co/api/resolve-cache/models/BAAI/bge-m3/5617a9f61b028005a4858fdac845db406aefb181/sentence_bert_config.json "HTTP/1.1 200 OK"
2026-05-30 15:31:01,742 [INFO] HTTP Request: HEAD https://huggingface.co/BAAI/bge-m3/resolve/main/adapter_config.json "HTTP/1.1 404 Not Found"
2026-05-30 15:31:01,900 [INFO] HTTP Request: HEAD https://huggingface.co/BAAI/bge-m3/resolve/main/config.json "HTTP/1.1 307 Temporary Redirect"
2026-05-30 15:31:01,953 [INFO] HTTP Request: HEAD https://huggingface.co/api/resolve-cache/models/BAAI/bge-m3/5617a9f61b028005a4858fdac845db406aefb181/config.json "HTTP/1.1 200 OK"
2026-05-30 15:31:02,137 [INFO] HTTP Request: HEAD https://huggingface.co/BAAI/bge-m3/resolve/main/model.safetensors "HTTP/1.1 404 Not Found"
2026-05-30 15:31:02,299 [INFO] HTTP Request: GET https://huggingface.co/api/models/BAAI/bge-m3 "HTTP/1.1 200 OK"
2026-05-30 15:31:02,482 [INFO] HTTP Request: GET https://huggingface.co/api/models/BAAI/bge-m3/commits/main "HTTP/1.1 200 OK"
2026-05-30 15:31:02,528 [INFO] HTTP Request: HEAD https://huggingface.co/BAAI/bge-m3/resolve/main/processor_config.json "HTTP/1.1 404 Not Found"
2026-05-30 15:31:02,663 [INFO] HTTP Request: GET https://huggingface.co/api/models/BAAI/bge-m3/discussions?p=0 "HTTP/1.1 200 OK"
2026-05-30 15:31:02,685 [INFO] HTTP Request: HEAD https://huggingface.co/BAAI/bge-m3/resolve/main/preprocessor_config.json "HTTP/1.1 404 Not Found"
2026-05-30 15:31:02,843 [INFO] HTTP Request: HEAD https://huggingface.co/BAAI/bge-m3/resolve/main/video_preprocessor_config.json "HTTP/1.1 404 Not Found"
2026-05-30 15:31:02,849 [INFO] HTTP Request: GET https://huggingface.co/api/models/BAAI/bge-m3/commits/refs%2Fpr%2F130 "HTTP/1.1 200 OK"
2026-05-30 15:31:03,003 [INFO] HTTP Request: HEAD https://huggingface.co/BAAI/bge-m3/resolve/main/preprocessor_config.json "HTTP/1.1 404 Not Found"
2026-05-30 15:31:03,011 [INFO] HTTP Request: HEAD https://huggingface.co/BAAI/bge-m3/resolve/refs%2Fpr%2F130/model.safetensors.index.json "HTTP/1.1 404 Not Found"
2026-05-30 15:31:03,159 [INFO] HTTP Request: HEAD https://huggingface.co/BAAI/bge-m3/resolve/main/tokenizer_config.json "HTTP/1.1 307 Temporary Redirect"
2026-05-30 15:31:03,167 [INFO] HTTP Request: HEAD https://huggingface.co/BAAI/bge-m3/resolve/refs%2Fpr%2F130/model.safetensors "HTTP/1.1 302 Found"
2026-05-30 15:31:03,212 [INFO] HTTP Request: HEAD https://huggingface.co/api/resolve-cache/models/BAAI/bge-m3/5617a9f61b028005a4858fdac845db406aefb181/tokenizer_config.json "HTTP/1.1 200 OK"
2026-05-30 15:31:03,415 [INFO] HTTP Request: HEAD https://huggingface.co/BAAI/bge-m3/resolve/main/config.json "HTTP/1.1 307 Temporary Redirect"
2026-05-30 15:31:03,468 [INFO] HTTP Request: HEAD https://huggingface.co/api/resolve-cache/models/BAAI/bge-m3/5617a9f61b028005a4858fdac845db406aefb181/config.json "HTTP/1.1 200 OK"
2026-05-30 15:31:03,627 [INFO] HTTP Request: HEAD https://huggingface.co/BAAI/bge-m3/resolve/main/config.json "HTTP/1.1 307 Temporary Redirect"
2026-05-30 15:31:03,680 [INFO] HTTP Request: HEAD https://huggingface.co/api/resolve-cache/models/BAAI/bge-m3/5617a9f61b028005a4858fdac845db406aefb181/config.json "HTTP/1.1 200 OK"
2026-05-30 15:31:03,838 [INFO] HTTP Request: HEAD https://huggingface.co/BAAI/bge-m3/resolve/main/tokenizer_config.json "HTTP/1.1 307 Temporary Redirect"
2026-05-30 15:31:03,891 [INFO] HTTP Request: HEAD https://huggingface.co/api/resolve-cache/models/BAAI/bge-m3/5617a9f61b028005a4858fdac845db406aefb181/tokenizer_config.json "HTTP/1.1 200 OK"
2026-05-30 15:31:04,053 [INFO] HTTP Request: GET https://huggingface.co/api/models/BAAI/bge-m3/tree/main/additional_chat_templates?recursive=false&expand=false "HTTP/1.1 404 Not Found"
2026-05-30 15:31:04,216 [INFO] HTTP Request: GET https://huggingface.co/api/models/BAAI/bge-m3/tree/main?recursive=true&expand=false "HTTP/1.1 200 OK"
2026-05-30 15:31:05,832 [INFO] HTTP Request: GET https://huggingface.co/api/models/BAAI/bge-m3 "HTTP/1.1 200 OK"
2026-05-30 15:31:05,996 [INFO] HTTP Request: HEAD https://huggingface.co/BAAI/bge-m3/resolve/main/1_Pooling/config.json "HTTP/1.1 307 Temporary Redirect"
2026-05-30 15:31:06,047 [INFO] HTTP Request: HEAD https://huggingface.co/api/resolve-cache/models/BAAI/bge-m3/5617a9f61b028005a4858fdac845db406aefb181/1_Pooling%2Fconfig.json "HTTP/1.1 200 OK"
2026-05-30 15:31:06,209 [INFO] HTTP Request: GET https://huggingface.co/api/models/BAAI/bge-m3 "HTTP/1.1 200 OK"
2026-05-30 15:31:11,078 [INFO] Vectorization complete. Engine DataFrame Shape: (2000, 1025)
2026-05-30 15:31:11,079 [INFO] Splitting dataset into training and holdout validation sets...
2026-05-30 15:31:11,083 [INFO] Split completed. Train features shape: (1600, 1024) | Test features shape: (400, 1024)
2026-05-30 15:31:11,083 [INFO] Initiating model pool cross-validation evaluation and hyperparameter tuning...
2026-05-30 15:31:50,743 [INFO] Model tuning complete and top artifact serialized to disk.
2026-05-30 15:31:50,744 [INFO] Evaluating serialized production model against holdout test split...
2026-05-30 15:31:50,761 [INFO] ML pipeline execution finished successfully.
2026-05-30 15:33:33,166 [INFO] Initializing ML pipeline execution.
2026-05-30 15:33:33,166 [INFO] Loading raw dataset from: C:\Users\mpapa\Desktop\Github Project 1 AI Eng\nlp_text_classification\data\original_data.csv
2026-05-30 15:33:33,173 [INFO] Dataset successfully loaded. Shape: (2000, 9)
2026-05-30 15:33:33,173 [INFO] Starting text vectorization and label mapping via BGE-M3...
2026-05-30 15:33:33,498 [INFO] HTTP Request: HEAD https://huggingface.co/BAAI/bge-m3/resolve/main/modules.json "HTTP/1.1 307 Temporary Redirect"
2026-05-30 15:33:33,539 [INFO] HTTP Request: HEAD https://huggingface.co/api/resolve-cache/models/BAAI/bge-m3/5617a9f61b028005a4858fdac845db406aefb181/modules.json "HTTP/1.1 200 OK"
2026-05-30 15:33:33,752 [INFO] HTTP Request: HEAD https://huggingface.co/BAAI/bge-m3/resolve/main/config_sentence_transformers.json "HTTP/1.1 307 Temporary Redirect"
2026-05-30 15:33:33,788 [INFO] HTTP Request: HEAD https://huggingface.co/api/resolve-cache/models/BAAI/bge-m3/5617a9f61b028005a4858fdac845db406aefb181/config_sentence_transformers.json "HTTP/1.1 200 OK"
2026-05-30 15:33:33,790 [INFO] Loading SentenceTransformer model from BAAI/bge-m3.
2026-05-30 15:33:34,099 [INFO] HTTP Request: HEAD https://huggingface.co/BAAI/bge-m3/resolve/main/config_sentence_transformers.json "HTTP/1.1 307 Temporary Redirect"
2026-05-30 15:33:34,156 [INFO] HTTP Request: HEAD https://huggingface.co/api/resolve-cache/models/BAAI/bge-m3/5617a9f61b028005a4858fdac845db406aefb181/config_sentence_transformers.json "HTTP/1.1 200 OK"
2026-05-30 15:33:34,327 [INFO] HTTP Request: HEAD https://huggingface.co/BAAI/bge-m3/resolve/main/README.md "HTTP/1.1 307 Temporary Redirect"
2026-05-30 15:33:34,327 [WARNING] Warning: You are sending unauthenticated requests to the HF Hub. Please set a HF_TOKEN to enable higher rate limits and faster downloads.
2026-05-30 15:33:34,366 [INFO] HTTP Request: HEAD https://huggingface.co/api/resolve-cache/models/BAAI/bge-m3/5617a9f61b028005a4858fdac845db406aefb181/README.md "HTTP/1.1 200 OK"
2026-05-30 15:33:34,651 [INFO] HTTP Request: HEAD https://huggingface.co/BAAI/bge-m3/resolve/main/modules.json "HTTP/1.1 307 Temporary Redirect"
2026-05-30 15:33:34,693 [INFO] HTTP Request: HEAD https://huggingface.co/api/resolve-cache/models/BAAI/bge-m3/5617a9f61b028005a4858fdac845db406aefb181/modules.json "HTTP/1.1 200 OK"
2026-05-30 15:33:34,862 [INFO] HTTP Request: HEAD https://huggingface.co/BAAI/bge-m3/resolve/main/sentence_bert_config.json "HTTP/1.1 307 Temporary Redirect"
2026-05-30 15:33:34,903 [INFO] HTTP Request: HEAD https://huggingface.co/api/resolve-cache/models/BAAI/bge-m3/5617a9f61b028005a4858fdac845db406aefb181/sentence_bert_config.json "HTTP/1.1 200 OK"
2026-05-30 15:33:35,104 [INFO] HTTP Request: HEAD https://huggingface.co/BAAI/bge-m3/resolve/main/adapter_config.json "HTTP/1.1 404 Not Found"
2026-05-30 15:33:35,281 [INFO] HTTP Request: HEAD https://huggingface.co/BAAI/bge-m3/resolve/main/config.json "HTTP/1.1 307 Temporary Redirect"
2026-05-30 15:33:35,335 [INFO] HTTP Request: HEAD https://huggingface.co/api/resolve-cache/models/BAAI/bge-m3/5617a9f61b028005a4858fdac845db406aefb181/config.json "HTTP/1.1 200 OK"
2026-05-30 15:33:35,535 [INFO] HTTP Request: HEAD https://huggingface.co/BAAI/bge-m3/resolve/main/model.safetensors "HTTP/1.1 404 Not Found"
2026-05-30 15:33:35,748 [INFO] HTTP Request: GET https://huggingface.co/api/models/BAAI/bge-m3 "HTTP/1.1 200 OK"
2026-05-30 15:33:35,910 [INFO] HTTP Request: HEAD https://huggingface.co/BAAI/bge-m3/resolve/main/processor_config.json "HTTP/1.1 404 Not Found"
2026-05-30 15:33:36,082 [INFO] HTTP Request: HEAD https://huggingface.co/BAAI/bge-m3/resolve/main/preprocessor_config.json "HTTP/1.1 404 Not Found"
2026-05-30 15:33:36,117 [INFO] HTTP Request: GET https://huggingface.co/api/models/BAAI/bge-m3/commits/main "HTTP/1.1 200 OK"
2026-05-30 15:33:36,475 [INFO] HTTP Request: HEAD https://huggingface.co/BAAI/bge-m3/resolve/main/video_preprocessor_config.json "HTTP/1.1 404 Not Found"
2026-05-30 15:33:36,615 [INFO] HTTP Request: GET https://huggingface.co/api/models/BAAI/bge-m3/discussions?p=0 "HTTP/1.1 200 OK"
2026-05-30 15:33:36,641 [INFO] HTTP Request: HEAD https://huggingface.co/BAAI/bge-m3/resolve/main/preprocessor_config.json "HTTP/1.1 404 Not Found"
2026-05-30 15:33:36,805 [INFO] HTTP Request: HEAD https://huggingface.co/BAAI/bge-m3/resolve/main/tokenizer_config.json "HTTP/1.1 307 Temporary Redirect"
2026-05-30 15:33:36,812 [INFO] HTTP Request: GET https://huggingface.co/api/models/BAAI/bge-m3/commits/refs%2Fpr%2F130 "HTTP/1.1 200 OK"
2026-05-30 15:33:37,459 [INFO] HTTP Request: HEAD https://huggingface.co/BAAI/bge-m3/resolve/refs%2Fpr%2F130/model.safetensors.index.json "HTTP/1.1 404 Not Found"
2026-05-30 15:33:37,747 [INFO] HTTP Request: HEAD https://huggingface.co/api/resolve-cache/models/BAAI/bge-m3/5617a9f61b028005a4858fdac845db406aefb181/tokenizer_config.json "HTTP/1.1 200 OK"
2026-05-30 15:33:37,816 [INFO] HTTP Request: HEAD https://huggingface.co/BAAI/bge-m3/resolve/refs%2Fpr%2F130/model.safetensors "HTTP/1.1 302 Found"
2026-05-30 15:33:37,915 [INFO] HTTP Request: HEAD https://huggingface.co/BAAI/bge-m3/resolve/main/config.json "HTTP/1.1 307 Temporary Redirect"
2026-05-30 15:33:37,957 [INFO] HTTP Request: HEAD https://huggingface.co/api/resolve-cache/models/BAAI/bge-m3/5617a9f61b028005a4858fdac845db406aefb181/config.json "HTTP/1.1 200 OK"
2026-05-30 15:33:38,152 [INFO] HTTP Request: HEAD https://huggingface.co/BAAI/bge-m3/resolve/main/config.json "HTTP/1.1 307 Temporary Redirect"
2026-05-30 15:33:38,193 [INFO] HTTP Request: HEAD https://huggingface.co/api/resolve-cache/models/BAAI/bge-m3/5617a9f61b028005a4858fdac845db406aefb181/config.json "HTTP/1.1 200 OK"
2026-05-30 15:33:38,435 [INFO] HTTP Request: HEAD https://huggingface.co/BAAI/bge-m3/resolve/main/tokenizer_config.json "HTTP/1.1 307 Temporary Redirect"
2026-05-30 15:33:38,546 [INFO] HTTP Request: HEAD https://huggingface.co/api/resolve-cache/models/BAAI/bge-m3/5617a9f61b028005a4858fdac845db406aefb181/tokenizer_config.json "HTTP/1.1 200 OK"
2026-05-30 15:33:38,785 [INFO] HTTP Request: GET https://huggingface.co/api/models/BAAI/bge-m3/tree/main/additional_chat_templates?recursive=false&expand=false "HTTP/1.1 404 Not Found"
2026-05-30 15:33:38,957 [INFO] HTTP Request: GET https://huggingface.co/api/models/BAAI/bge-m3/tree/main?recursive=true&expand=false "HTTP/1.1 200 OK"
2026-05-30 15:33:40,767 [INFO] HTTP Request: GET https://huggingface.co/api/models/BAAI/bge-m3 "HTTP/1.1 200 OK"
2026-05-30 15:33:40,940 [INFO] HTTP Request: HEAD https://huggingface.co/BAAI/bge-m3/resolve/main/1_Pooling/config.json "HTTP/1.1 307 Temporary Redirect"
2026-05-30 15:33:40,985 [INFO] HTTP Request: HEAD https://huggingface.co/api/resolve-cache/models/BAAI/bge-m3/5617a9f61b028005a4858fdac845db406aefb181/1_Pooling%2Fconfig.json "HTTP/1.1 200 OK"
2026-05-30 15:33:41,168 [INFO] HTTP Request: GET https://huggingface.co/api/models/BAAI/bge-m3 "HTTP/1.1 200 OK"
2026-05-30 15:33:46,290 [INFO] Vectorization complete. Engine DataFrame Shape: (2000, 1025)
2026-05-30 15:33:46,291 [INFO] Splitting dataset into training and holdout validation sets...
2026-05-30 15:33:46,296 [INFO] Split completed. Train features shape: (1600, 1024) | Test features shape: (400, 1024)
2026-05-30 15:33:46,296 [INFO] Initiating model pool cross-validation evaluation and hyperparameter tuning...
2026-05-30 15:34:29,427 [INFO] Model tuning complete and top artifact serialized to disk.
2026-05-30 15:34:29,427 [INFO] Evaluating serialized production model against holdout test split...
2026-05-30 15:34:29,443 [INFO] ML pipeline execution finished successfully.
2026-05-30 15:34:51,467 [INFO] Initializing ML pipeline execution.
2026-05-30 15:34:51,467 [INFO] Loading raw dataset from: C:\Users\mpapa\Desktop\Github Project 1 AI Eng\nlp_text_classification\data\original_data.csv
2026-05-30 15:34:51,474 [INFO] Dataset successfully loaded. Shape: (2000, 9)
2026-05-30 15:34:51,474 [INFO] Starting text vectorization and label mapping via BGE-M3...
2026-05-30 15:34:51,711 [WARNING] Warning: You are sending unauthenticated requests to the HF Hub. Please set a HF_TOKEN to enable higher rate limits and faster downloads.
2026-05-30 15:34:51,910 [INFO] Loading SentenceTransformer model from BAAI/bge-m3.
2026-05-30 15:35:02,420 [INFO] Vectorization complete. Engine DataFrame Shape: (2000, 1025)
2026-05-30 15:35:02,420 [INFO] Splitting dataset into training and holdout validation sets...
2026-05-30 15:35:02,425 [INFO] Split completed. Train features shape: (1600, 1024) | Test features shape: (400, 1024)
2026-05-30 15:35:02,425 [INFO] Initiating model pool cross-validation evaluation and hyperparameter tuning...
2026-05-30 15:35:42,061 [INFO] Model tuning complete and top artifact serialized to disk.
2026-05-30 15:35:42,061 [INFO] Evaluating serialized production model against holdout test split...
2026-05-30 15:35:42,077 [INFO] ML pipeline execution finished successfully.
